<html>
<body>
<pre>
<h1>µVision Build Log</h1>
<h2>Tool Versions:</h2>
IDE-Version: µVision V5.28.0.0
Copyright (C) 2019 ARM Ltd and ARM Germany GmbH. All rights reserved.
License Information: urs gompper, beuth, LIC=----
 
Tool Versions:
Toolchain:       MDK-Lite  Version: 5.28.0.0
Toolchain Path:  C:\Keil_v5\ARM\ARMCC\Bin
C Compiler:      Armcc.exe V5.06 update 6 (build 750)
Assembler:       Armasm.exe V5.06 update 6 (build 750)
Linker/Locator:  ArmLink.exe V5.06 update 6 (build 750)
Library Manager: ArmAr.exe V5.06 update 6 (build 750)
Hex Converter:   FromElf.exe V5.06 update 6 (build 750)
CPU DLL:         SARM.DLL V5.28.0.0
Dialog DLL:      DARMP.DLL V1.53.0.0
Target DLL:      UL2ARM.DLL V1.74.10.0
Dialog DLL:      TARMP.DLL V1.53.0.0
 
<h2>Project:</h2>
C:\Users\urs\GoogleDrive\beuth\semester_1\arm\stepper_motor\blinky_selfmade.uvproj
Project File Date:  04/10/2020

<h2>Output:</h2>
*** Using Compiler 'V5.06 update 6 (build 750)', folder: 'C:\Keil_v5\ARM\ARMCC\Bin'
Rebuild target 'Target 1'
assembling LPC2300.s...
compiling linear_acceleration.c...
compiling main.c...
main.c(76): warning:  #177-D: variable "peakCycles"  was declared but never referenced
  	static double peakCycles, breakCycles, total;
main.c(76): warning:  #177-D: variable "breakCycles"  was declared but never referenced
  	static double peakCycles, breakCycles, total;
main.c(248): warning:  #177-D: function "InitTimer2"  was declared but never referenced
  static void InitTimer2(void){
main.c(93): warning:  #177-D: function "InitTimer3"  was declared but never referenced
  static void InitTimer3(void);
main.c: 4 warnings, 0 errors
linking...
Program Size: Code=4468 RO-data=32 RW-data=72 ZI-data=1288  
".\Objects\blinky_selfmade.axf" - 0 Error(s), 4 Warning(s).
Build Time Elapsed:  00:00:00
</pre>
</body>
</html>
