Component: ARM Compiler 5.06 update 6 (build 750) Tool: armlink [4d35ed]

==============================================================================

Section Cross References

    lpc2300.o(RESET) refers to lpc2300.o(STACK) for Stack_Top
    lpc2300.o(RESET) refers to entry.o(.ARM.Collect$$$$00000000) for __main
    blinky_selfmade.o(i.T0_IRQHandler) refers to dflti.o(.text) for __aeabi_i2d
    blinky_selfmade.o(i.T0_IRQHandler) refers to ddiv.o(.text) for __aeabi_ddiv
    blinky_selfmade.o(i.T0_IRQHandler) refers to dmul.o(.text) for __aeabi_dmul
    blinky_selfmade.o(i.T0_IRQHandler) refers to sin.o(i.sin) for sin
    blinky_selfmade.o(i.T0_IRQHandler) refers to dadd.o(.text) for __aeabi_dadd
    blinky_selfmade.o(i.T0_IRQHandler) refers to dfixi.o(.text) for __aeabi_d2iz
    blinky_selfmade.o(i.T0_IRQHandler) refers to blinky_selfmade.o(.data) for x
    blinky_selfmade.o(i.Timer_Init) refers to blinky_selfmade.o(i.T0_IRQHandler) for T0_IRQHandler
    blinky_selfmade.o(i.main) refers to blinky_selfmade.o(i.LED_Init) for LED_Init
    blinky_selfmade.o(i.main) refers to blinky_selfmade.o(i.Timer_Init) for Timer_Init
    lcd_4bit.o(i.lcd_clear) refers to lcd_4bit.o(i.lcd_write_cmd) for lcd_write_cmd
    lcd_4bit.o(i.lcd_clear) refers to lcd_4bit.o(i.set_cursor) for set_cursor
    lcd_4bit.o(i.lcd_init) refers to lcd_4bit.o(i.delay) for delay
    lcd_4bit.o(i.lcd_init) refers to lcd_4bit.o(i.lcd_write_4bit) for lcd_write_4bit
    lcd_4bit.o(i.lcd_init) refers to lcd_4bit.o(i.lcd_write_cmd) for lcd_write_cmd
    lcd_4bit.o(i.lcd_init) refers to lcd_4bit.o(i.lcd_putchar) for lcd_putchar
    lcd_4bit.o(i.lcd_init) refers to lcd_4bit.o(.constdata) for UserFont
    lcd_4bit.o(i.lcd_print) refers to lcd_4bit.o(i.lcd_putchar) for lcd_putchar
    lcd_4bit.o(i.lcd_putchar) refers to lcd_4bit.o(i.lcd_write_data) for lcd_write_data
    lcd_4bit.o(i.lcd_read_status) refers to lcd_4bit.o(i.delay) for delay
    lcd_4bit.o(i.lcd_write_4bit) refers to lcd_4bit.o(i.delay) for delay
    lcd_4bit.o(i.lcd_write_cmd) refers to lcd_4bit.o(i.wait_while_busy) for wait_while_busy
    lcd_4bit.o(i.lcd_write_cmd) refers to lcd_4bit.o(i.lcd_write_4bit) for lcd_write_4bit
    lcd_4bit.o(i.lcd_write_data) refers to lcd_4bit.o(i.wait_while_busy) for wait_while_busy
    lcd_4bit.o(i.lcd_write_data) refers to lcd_4bit.o(i.lcd_write_4bit) for lcd_write_4bit
    lcd_4bit.o(i.set_cursor) refers to lcd_4bit.o(i.lcd_write_cmd) for lcd_write_cmd
    lcd_4bit.o(i.wait_while_busy) refers to lcd_4bit.o(i.lcd_read_status) for lcd_read_status
    sin.o(i.__softfp_sin) refers (Special) to iusefp.o(.text) for __I$use$fp
    sin.o(i.__softfp_sin) refers to sin.o(i.sin) for sin
    sin.o(i.sin) refers (Special) to iusefp.o(.text) for __I$use$fp
    sin.o(i.sin) refers to errno.o(i.__set_errno) for __set_errno
    sin.o(i.sin) refers to dunder.o(i.__mathlib_dbl_invalid) for __mathlib_dbl_invalid
    sin.o(i.sin) refers to dunder.o(i.__mathlib_dbl_infnan) for __mathlib_dbl_infnan
    sin.o(i.sin) refers to rred.o(i.__ieee754_rem_pio2) for __ieee754_rem_pio2
    sin.o(i.sin) refers to cos_i.o(i.__kernel_cos) for __kernel_cos
    sin.o(i.sin) refers to sin_i.o(i.__kernel_sin) for __kernel_sin
    sin_x.o(i.____softfp_sin$lsc) refers (Special) to iusefp.o(.text) for __I$use$fp
    sin_x.o(i.____softfp_sin$lsc) refers to sin_x.o(i.__sin$lsc) for __sin$lsc
    sin_x.o(i.__sin$lsc) refers (Special) to iusefp.o(.text) for __I$use$fp
    sin_x.o(i.__sin$lsc) refers to errno.o(i.__set_errno) for __set_errno
    sin_x.o(i.__sin$lsc) refers to dunder.o(i.__mathlib_dbl_infnan) for __mathlib_dbl_infnan
    sin_x.o(i.__sin$lsc) refers to rred.o(i.__ieee754_rem_pio2) for __ieee754_rem_pio2
    sin_x.o(i.__sin$lsc) refers to cos_i.o(i.__kernel_cos) for __kernel_cos
    sin_x.o(i.__sin$lsc) refers to sin_i.o(i.__kernel_sin) for __kernel_sin
    entry.o(.ARM.Collect$$$$00000000) refers (Special) to entry10a.o(.ARM.Collect$$$$0000000D) for __rt_final_cpp
    entry.o(.ARM.Collect$$$$00000000) refers (Special) to entry11a.o(.ARM.Collect$$$$0000000F) for __rt_final_exit
    entry.o(.ARM.Collect$$$$00000000) refers (Special) to entry7b.o(.ARM.Collect$$$$00000008) for _main_clock
    entry.o(.ARM.Collect$$$$00000000) refers (Special) to entry8b.o(.ARM.Collect$$$$0000000A) for _main_cpp_init
    entry.o(.ARM.Collect$$$$00000000) refers (Special) to entry9a.o(.ARM.Collect$$$$0000000B) for _main_init
    entry.o(.ARM.Collect$$$$00000000) refers (Special) to entry5.o(.ARM.Collect$$$$00000004) for _main_scatterload
    entry.o(.ARM.Collect$$$$00000000) refers (Special) to entry2.o(.ARM.Collect$$$$00000001) for _main_stk
    dadd.o(.text) refers (Special) to iusefp.o(.text) for __I$use$fp
    dadd.o(.text) refers to llshl.o(.text) for __aeabi_llsl
    dadd.o(.text) refers to llsshr.o(.text) for __aeabi_lasr
    dadd.o(.text) refers to depilogue.o(.text) for _double_epilogue
    dmul.o(.text) refers (Special) to iusefp.o(.text) for __I$use$fp
    dmul.o(.text) refers to depilogue.o(.text) for _double_epilogue
    ddiv.o(.text) refers (Special) to iusefp.o(.text) for __I$use$fp
    ddiv.o(.text) refers to depilogue.o(.text) for _double_round
    dflti.o(.text) refers (Special) to iusefp.o(.text) for __I$use$fp
    dflti.o(.text) refers to depilogue.o(.text) for _double_epilogue
    dfixi.o(.text) refers (Special) to iusefp.o(.text) for __I$use$fp
    dfixi.o(.text) refers to llushr.o(.text) for __aeabi_llsr
    cos_i.o(i.__kernel_cos) refers (Special) to iusefp.o(.text) for __I$use$fp
    cos_i.o(i.__kernel_cos) refers to dfixi.o(.text) for __aeabi_d2iz
    cos_i.o(i.__kernel_cos) refers to dmul.o(.text) for __aeabi_dmul
    cos_i.o(i.__kernel_cos) refers to poly.o(i.__kernel_poly) for __kernel_poly
    cos_i.o(i.__kernel_cos) refers to dadd.o(.text) for __aeabi_dsub
    cos_i.o(i.__kernel_cos) refers to dscalb.o(.text) for __ARM_scalbn
    cos_i.o(i.__kernel_cos) refers to cos_i.o(.constdata) for .constdata
    cos_i.o(.constdata) refers (Special) to iusefp.o(.text) for __I$use$fp
    dunder.o(i.__mathlib_dbl_divzero) refers to ddiv.o(.text) for __aeabi_ddiv
    dunder.o(i.__mathlib_dbl_infnan) refers to dscalb.o(.text) for __ARM_scalbn
    dunder.o(i.__mathlib_dbl_infnan2) refers to dadd.o(.text) for __aeabi_dadd
    dunder.o(i.__mathlib_dbl_invalid) refers to ddiv.o(.text) for __aeabi_ddiv
    dunder.o(i.__mathlib_dbl_overflow) refers to dscalb.o(.text) for __ARM_scalbn
    dunder.o(i.__mathlib_dbl_posinfnan) refers to dmul.o(.text) for __aeabi_dmul
    dunder.o(i.__mathlib_dbl_underflow) refers to dscalb.o(.text) for __ARM_scalbn
    rred.o(i.__ieee754_rem_pio2) refers (Special) to iusefp.o(.text) for __I$use$fp
    rred.o(i.__ieee754_rem_pio2) refers to dadd.o(.text) for __aeabi_dsub
    rred.o(i.__ieee754_rem_pio2) refers to dmul.o(.text) for __aeabi_dmul
    rred.o(i.__ieee754_rem_pio2) refers to dfixi.o(.text) for __aeabi_d2iz
    rred.o(i.__ieee754_rem_pio2) refers to dflti.o(.text) for __aeabi_i2d
    rred.o(i.__ieee754_rem_pio2) refers to dfltui.o(.text) for __aeabi_ui2d
    rred.o(i.__ieee754_rem_pio2) refers to dscalb.o(.text) for __ARM_scalbn
    rred.o(i.__ieee754_rem_pio2) refers to rred.o(.constdata) for .constdata
    rred.o(i.__use_accurate_range_reduction) refers (Special) to iusefp.o(.text) for __I$use$fp
    rred.o(.constdata) refers (Special) to iusefp.o(.text) for __I$use$fp
    sin_i.o(i.__kernel_sin) refers (Special) to iusefp.o(.text) for __I$use$fp
    sin_i.o(i.__kernel_sin) refers to fpclassify.o(i.__ARM_fpclassify) for __ARM_fpclassify
    sin_i.o(i.__kernel_sin) refers to dunder.o(i.__mathlib_dbl_underflow) for __mathlib_dbl_underflow
    sin_i.o(i.__kernel_sin) refers to dmul.o(.text) for __aeabi_dmul
    sin_i.o(i.__kernel_sin) refers to poly.o(i.__kernel_poly) for __kernel_poly
    sin_i.o(i.__kernel_sin) refers to dscalb.o(.text) for __ARM_scalbn
    sin_i.o(i.__kernel_sin) refers to dadd.o(.text) for __aeabi_dsub
    sin_i.o(i.__kernel_sin) refers to sin_i.o(.constdata) for .constdata
    sin_i.o(.constdata) refers (Special) to iusefp.o(.text) for __I$use$fp
    sin_i_x.o(i.____kernel_sin$lsc) refers (Special) to iusefp.o(.text) for __I$use$fp
    sin_i_x.o(i.____kernel_sin$lsc) refers to dmul.o(.text) for __aeabi_dmul
    sin_i_x.o(i.____kernel_sin$lsc) refers to poly.o(i.__kernel_poly) for __kernel_poly
    sin_i_x.o(i.____kernel_sin$lsc) refers to dscalb.o(.text) for __ARM_scalbn
    sin_i_x.o(i.____kernel_sin$lsc) refers to dadd.o(.text) for __aeabi_dsub
    sin_i_x.o(i.____kernel_sin$lsc) refers to sin_i_x.o(.constdata) for .constdata
    sin_i_x.o(.constdata) refers (Special) to iusefp.o(.text) for __I$use$fp
    entry2.o(.ARM.Collect$$$$00000001) refers to entry2.o(.ARM.Collect$$$$00002712) for __lit__00000000
    entry2.o(.ARM.Collect$$$$00002712) refers to lpc2300.o(STACK) for __initial_sp
    entry5.o(.ARM.Collect$$$$00000004) refers to init.o(.text) for __scatterload
    entry9a.o(.ARM.Collect$$$$0000000B) refers to blinky_selfmade.o(i.main) for main
    entry9b.o(.ARM.Collect$$$$0000000C) refers to blinky_selfmade.o(i.main) for main
    errno.o(i.__aeabi_errno_addr) refers to errno.o(.data) for .data
    errno.o(i.__read_errno) refers to errno.o(.data) for .data
    errno.o(i.__set_errno) refers to errno.o(.data) for .data
    depilogue.o(.text) refers to depilogue.o(i.__ARM_clz) for __ARM_clz
    depilogue.o(.text) refers to llshl.o(.text) for __aeabi_llsl
    depilogue.o(.text) refers to llushr.o(.text) for __aeabi_llsr
    fpclassify.o(i.__ARM_fpclassify) refers (Special) to iusefp.o(.text) for __I$use$fp
    poly.o(i.__kernel_poly) refers (Special) to iusefp.o(.text) for __I$use$fp
    poly.o(i.__kernel_poly) refers to dmul.o(.text) for __aeabi_dmul
    poly.o(i.__kernel_poly) refers to dadd.o(.text) for __aeabi_dadd
    init.o(.text) refers to init.o(i.__ARM_common_call_via_r3) for __ARM_common_call_via_r3
    init.o(.text) refers to entry5.o(.ARM.Collect$$$$00000004) for __main_after_scatterload
    dfltui.o(.text) refers to depilogue.o(.text) for _double_epilogue


==============================================================================

Removing Unused input sections from the image.

    Removing lpc2300.o(HEAP), (0 bytes).
    Removing lcd_4bit.o(i.delay), (24 bytes).
    Removing lcd_4bit.o(i.lcd_clear), (32 bytes).
    Removing lcd_4bit.o(i.lcd_init), (192 bytes).
    Removing lcd_4bit.o(i.lcd_print), (40 bytes).
    Removing lcd_4bit.o(i.lcd_putchar), (24 bytes).
    Removing lcd_4bit.o(i.lcd_read_status), (192 bytes).
    Removing lcd_4bit.o(i.lcd_write_4bit), (88 bytes).
    Removing lcd_4bit.o(i.lcd_write_cmd), (52 bytes).
    Removing lcd_4bit.o(i.lcd_write_data), (52 bytes).
    Removing lcd_4bit.o(i.set_cursor), (52 bytes).
    Removing lcd_4bit.o(i.wait_while_busy), (32 bytes).
    Removing lcd_4bit.o(.constdata), (64 bytes).

13 unused section(s) (total 844 bytes) removed from the image.

==============================================================================

Adding Veneers to the image

    Adding AT veneer (8 bytes, Inline) for call to '__aeabi_dadd' from blinky_selfmade.o(i.T0_IRQHandler).
    Adding AT veneer (8 bytes, Inline) for call to '__aeabi_dmul' from blinky_selfmade.o(i.T0_IRQHandler).
    Adding AT veneer (8 bytes, Inline) for call to '__aeabi_ddiv' from blinky_selfmade.o(i.T0_IRQHandler).
    Adding AT veneer (8 bytes, Inline) for call to '__aeabi_i2d' from blinky_selfmade.o(i.T0_IRQHandler).
    Adding AT veneer (8 bytes, Inline) for call to '__aeabi_d2iz' from blinky_selfmade.o(i.T0_IRQHandler).
    Adding AT veneer (8 bytes, Inline) for call to '__scatterload' from entry5.o(.ARM.Collect$$$$00000004).
    Adding AT veneer (8 bytes, Inline) for call to '__ARM_scalbn' from rred.o(i.__ieee754_rem_pio2).
    Adding AT veneer (8 bytes, Inline) for call to '__aeabi_ui2d' from rred.o(i.__ieee754_rem_pio2).
    Adding TA veneer (8 bytes, Short) for call to '__main_after_scatterload' from init.o(.text).
    Adding AT veneer (12 bytes, Long) for call to '__aeabi_dsub' from rred.o(i.__ieee754_rem_pio2).
    Adding AT veneer (12 bytes, Long) for call to '__aeabi_drsub' from rred.o(i.__ieee754_rem_pio2).
    Adding AT veneer (8 bytes, Inline) for call to '__set_errno' from sin.o(i.sin).

12 Veneer(s) (total 104 bytes) added to the image.

==============================================================================

Image Symbol Table

    Local Symbols

    Symbol Name                              Value     Ov Type        Size  Object(Section)

    RESET                                    0x00000000   Section      556  lpc2300.o(RESET)
    ../clib/microlib/errno.c                 0x00000000   Number         0  errno.o ABSOLUTE
    ../clib/microlib/init/entry.s            0x00000000   Number         0  entry8b.o ABSOLUTE
    ../clib/microlib/init/entry.s            0x00000000   Number         0  entry5.o ABSOLUTE
    ../clib/microlib/init/entry.s            0x00000000   Number         0  entry7a.o ABSOLUTE
    ../clib/microlib/init/entry.s            0x00000000   Number         0  entry7b.o ABSOLUTE
    ../clib/microlib/init/entry.s            0x00000000   Number         0  entry9b.o ABSOLUTE
    ../clib/microlib/init/entry.s            0x00000000   Number         0  entry2.o ABSOLUTE
    ../clib/microlib/init/entry.s            0x00000000   Number         0  entry8a.o ABSOLUTE
    ../clib/microlib/init/entry.s            0x00000000   Number         0  entry9a.o ABSOLUTE
    ../clib/microlib/init/entry.s            0x00000000   Number         0  entry.o ABSOLUTE
    ../clib/microlib/init/entry.s            0x00000000   Number         0  entry11b.o ABSOLUTE
    ../clib/microlib/init/entry.s            0x00000000   Number         0  entry11a.o ABSOLUTE
    ../clib/microlib/init/entry.s            0x00000000   Number         0  entry10b.o ABSOLUTE
    ../clib/microlib/init/entry.s            0x00000000   Number         0  entry10a.o ABSOLUTE
    ../clib/microlib/longlong.c              0x00000000   Number         0  llshl.o ABSOLUTE
    ../clib/microlib/longlong.c              0x00000000   Number         0  llsshr.o ABSOLUTE
    ../clib/microlib/longlong.c              0x00000000   Number         0  llushr.o ABSOLUTE
    ../clib/microlib/stubs.s                 0x00000000   Number         0  iusefp.o ABSOLUTE
    ../fplib/microlib/fpadd.c                0x00000000   Number         0  dadd.o ABSOLUTE
    ../fplib/microlib/fpdiv.c                0x00000000   Number         0  ddiv.o ABSOLUTE
    ../fplib/microlib/fpepilogue.c           0x00000000   Number         0  depilogue.o ABSOLUTE
    ../fplib/microlib/fpfix.c                0x00000000   Number         0  dfixi.o ABSOLUTE
    ../fplib/microlib/fpflt.c                0x00000000   Number         0  dfltui.o ABSOLUTE
    ../fplib/microlib/fpflt.c                0x00000000   Number         0  dflti.o ABSOLUTE
    ../fplib/microlib/fpmul.c                0x00000000   Number         0  dmul.o ABSOLUTE
    ../fplib/microlib/fpscalb.c              0x00000000   Number         0  dscalb.o ABSOLUTE
    ../mathlib/cos_i.c                       0x00000000   Number         0  cos_i.o ABSOLUTE
    ../mathlib/dunder.c                      0x00000000   Number         0  dunder.o ABSOLUTE
    ../mathlib/fpclassify.c                  0x00000000   Number         0  fpclassify.o ABSOLUTE
    ../mathlib/poly.c                        0x00000000   Number         0  poly.o ABSOLUTE
    ../mathlib/rred.c                        0x00000000   Number         0  rred.o ABSOLUTE
    ../mathlib/sin.c                         0x00000000   Number         0  sin_x.o ABSOLUTE
    ../mathlib/sin.c                         0x00000000   Number         0  sin.o ABSOLUTE
    ../mathlib/sin_i.c                       0x00000000   Number         0  sin_i.o ABSOLUTE
    ../mathlib/sin_i.c                       0x00000000   Number         0  sin_i_x.o ABSOLUTE
    LCD_4bit.c                               0x00000000   Number         0  lcd_4bit.o ABSOLUTE
    LPC2300.s                                0x00000000   Number         0  lpc2300.o ABSOLUTE
    blinky_selfmade.c                        0x00000000   Number         0  blinky_selfmade.o ABSOLUTE
    dc.s                                     0x00000000   Number         0  dc.o ABSOLUTE
    handlers.s                               0x00000000   Number         0  handlers.o ABSOLUTE
    init.s                                   0x00000000   Number         0  init.o ABSOLUTE
    Undef_Handler                            0x00000040   ARM Code       4  lpc2300.o(RESET)
    SWI_Handler                              0x00000044   ARM Code       4  lpc2300.o(RESET)
    PAbt_Handler                             0x00000048   ARM Code       4  lpc2300.o(RESET)
    DAbt_Handler                             0x0000004c   ARM Code       4  lpc2300.o(RESET)
    IRQ_Handler                              0x00000050   ARM Code       4  lpc2300.o(RESET)
    FIQ_Handler                              0x00000054   ARM Code       4  lpc2300.o(RESET)
    .ARM.Collect$$$$00000000                 0x0000022c   Section        0  entry.o(.ARM.Collect$$$$00000000)
    .ARM.Collect$$$$00000001                 0x0000022c   Section        4  entry2.o(.ARM.Collect$$$$00000001)
    .ARM.Collect$$$$00000004                 0x00000230   Section        4  entry5.o(.ARM.Collect$$$$00000004)
    .ARM.Collect$$$$00000008                 0x00000234   Section        0  entry7b.o(.ARM.Collect$$$$00000008)
    .ARM.Collect$$$$0000000A                 0x00000234   Section        0  entry8b.o(.ARM.Collect$$$$0000000A)
    .ARM.Collect$$$$0000000B                 0x00000234   Section       12  entry9a.o(.ARM.Collect$$$$0000000B)
    .ARM.Collect$$$$0000000D                 0x00000240   Section        0  entry10a.o(.ARM.Collect$$$$0000000D)
    .ARM.Collect$$$$0000000F                 0x00000240   Section        0  entry11a.o(.ARM.Collect$$$$0000000F)
    .ARM.Collect$$$$00002712                 0x00000240   Section        4  entry2.o(.ARM.Collect$$$$00002712)
    __lit__00000000                          0x00000240   Data           4  entry2.o(.ARM.Collect$$$$00002712)
    .text                                    0x0000024c   Section        0  dadd.o(.text)
    .text                                    0x000003bc   Section        0  dmul.o(.text)
    .text                                    0x00000498   Section        0  ddiv.o(.text)
    .text                                    0x00000594   Section        0  dflti.o(.text)
    .text                                    0x000005c4   Section        0  dfixi.o(.text)
    .text                                    0x00000610   Section        0  llshl.o(.text)
    .text                                    0x00000632   Section        0  llushr.o(.text)
    .text                                    0x00000656   Section        0  llsshr.o(.text)
    .text                                    0x00000680   Section        0  iusefp.o(.text)
    .text                                    0x00000680   Section        0  depilogue.o(.text)
    .text                                    0x0000074c   Section       32  init.o(.text)
    .text                                    0x00000774   Section        0  dscalb.o(.text)
    .text                                    0x000007ac   Section        0  dfltui.o(.text)
    i.LED_Init                               0x000007ec   Section        0  blinky_selfmade.o(i.LED_Init)
    i.T0_IRQHandler                          0x00000818   Section        0  blinky_selfmade.o(i.T0_IRQHandler)
    i.Timer_Init                             0x00000964   Section        0  blinky_selfmade.o(i.Timer_Init)
    i.__ARM_clz                              0x000009ac   Section        0  depilogue.o(i.__ARM_clz)
    i.__ARM_common_call_via_r3               0x000009da   Section        2  init.o(i.__ARM_common_call_via_r3)
    i.__ARM_fpclassify                       0x000009dc   Section        0  fpclassify.o(i.__ARM_fpclassify)
    i.__ieee754_rem_pio2                     0x00000a0c   Section        0  rred.o(i.__ieee754_rem_pio2)
    i.__kernel_cos                           0x00000f20   Section        0  cos_i.o(i.__kernel_cos)
    i.__kernel_poly                          0x000010bc   Section        0  poly.o(i.__kernel_poly)
    i.__kernel_sin                           0x000011bc   Section        0  sin_i.o(i.__kernel_sin)
    i.__mathlib_dbl_infnan                   0x00001338   Section        0  dunder.o(i.__mathlib_dbl_infnan)
    i.__mathlib_dbl_invalid                  0x00001340   Section        0  dunder.o(i.__mathlib_dbl_invalid)
    i.__mathlib_dbl_underflow                0x00001354   Section        0  dunder.o(i.__mathlib_dbl_underflow)
    i.__scatterload_copy                     0x00001368   Section       28  handlers.o(i.__scatterload_copy)
    i.__scatterload_null                     0x00001384   Section        4  handlers.o(i.__scatterload_null)
    i.__scatterload_zeroinit                 0x00001388   Section       24  handlers.o(i.__scatterload_zeroinit)
    i.__set_errno                            0x000013a8   Section        0  errno.o(i.__set_errno)
    i.main                                   0x000013b4   Section        0  blinky_selfmade.o(i.main)
    i.sin                                    0x00001474   Section        0  sin.o(i.sin)
    .constdata                               0x00001570   Section       48  cos_i.o(.constdata)
    C                                        0x00001570   Data          48  cos_i.o(.constdata)
    .constdata                               0x000015a0   Section      200  rred.o(.constdata)
    pio2s                                    0x000015a0   Data          48  rred.o(.constdata)
    twooverpi                                0x000015d0   Data         152  rred.o(.constdata)
    .constdata                               0x00001668   Section       40  sin_i.o(.constdata)
    S                                        0x00001668   Data          40  sin_i.o(.constdata)
    .data                                    0x40000000   Section       20  blinky_selfmade.o(.data)
    .data                                    0x40000014   Section        4  errno.o(.data)
    _errno                                   0x40000014   Data           4  errno.o(.data)
    STACK                                    0x40000018   Section     1288  lpc2300.o(STACK)
    Stack_Top                                0x40000520   Data           0  lpc2300.o(STACK)

    Global Symbols

    Symbol Name                              Value     Ov Type        Size  Object(Section)

    BuildAttributes$$THM_ISAv1$ARM_ISAv4$S$PE$A:L22$X:L11$S22$IEEE1$IW$USESV6$~STKCKD$USESV7$~SHL$OTIME$ROPI$IEEEX$EBA8$MICROLIB$REQ8$PRES8$EABIv2 0x00000000   Number         0  anon$$obj.o ABSOLUTE
    __ARM_use_no_argv                        0x00000000   Number         0  blinky_selfmade.o ABSOLUTE
    __cpp_initialize__aeabi_                  - Undefined Weak Reference
    __cxa_finalize                            - Undefined Weak Reference
    __decompress                              - Undefined Weak Reference
    _clock_init                               - Undefined Weak Reference
    _microlib_exit                            - Undefined Weak Reference
    Reset_Handler                            0x00000058   ARM Code       0  lpc2300.o(RESET)
    __main                                   0x0000022c   ARM Code       0  entry.o(.ARM.Collect$$$$00000000)
    _main_stk                                0x0000022c   ARM Code       0  entry2.o(.ARM.Collect$$$$00000001)
    _main_scatterload                        0x00000230   ARM Code       0  entry5.o(.ARM.Collect$$$$00000004)
    __main_after_scatterload                 0x00000234   ARM Code       0  entry5.o(.ARM.Collect$$$$00000004)
    _main_clock                              0x00000234   ARM Code       0  entry7b.o(.ARM.Collect$$$$00000008)
    _main_cpp_init                           0x00000234   ARM Code       0  entry8b.o(.ARM.Collect$$$$0000000A)
    _main_init                               0x00000234   ARM Code       0  entry9a.o(.ARM.Collect$$$$0000000B)
    __rt_final_cpp                           0x00000240   ARM Code       0  entry10a.o(.ARM.Collect$$$$0000000D)
    __rt_final_exit                          0x00000240   ARM Code       0  entry11a.o(.ARM.Collect$$$$0000000F)
    Inline ARM to Thumb Veneer to __aeabi_dadd 0x00000244   ARM Code       8  dadd.o(.text)
    __aeabi_dadd                             0x0000024d   Thumb Code   332  dadd.o(.text)
    __aeabi_dsub                             0x00000399   Thumb Code    12  dadd.o(.text)
    __aeabi_drsub                            0x000003a5   Thumb Code    12  dadd.o(.text)
    Inline ARM to Thumb Veneer to __aeabi_dmul 0x000003b4   ARM Code       8  dmul.o(.text)
    __aeabi_dmul                             0x000003bd   Thumb Code   206  dmul.o(.text)
    Inline ARM to Thumb Veneer to __aeabi_ddiv 0x00000490   ARM Code       8  ddiv.o(.text)
    __aeabi_ddiv                             0x00000499   Thumb Code   238  ddiv.o(.text)
    Inline ARM to Thumb Veneer to __aeabi_i2d 0x0000058c   ARM Code       8  dflti.o(.text)
    __aeabi_i2d                              0x00000595   Thumb Code    36  dflti.o(.text)
    Inline ARM to Thumb Veneer to __aeabi_d2iz 0x000005bc   ARM Code       8  dfixi.o(.text)
    __aeabi_d2iz                             0x000005c5   Thumb Code    66  dfixi.o(.text)
    __aeabi_llsl                             0x00000611   Thumb Code    34  llshl.o(.text)
    _ll_shift_l                              0x00000611   Thumb Code     0  llshl.o(.text)
    __aeabi_llsr                             0x00000633   Thumb Code    36  llushr.o(.text)
    _ll_ushift_r                             0x00000633   Thumb Code     0  llushr.o(.text)
    __aeabi_lasr                             0x00000657   Thumb Code    40  llsshr.o(.text)
    _ll_sshift_r                             0x00000657   Thumb Code     0  llsshr.o(.text)
    __I$use$fp                               0x00000680   ARM Code       0  iusefp.o(.text)
    _double_round                            0x00000681   Thumb Code    28  depilogue.o(.text)
    _double_epilogue                         0x0000069d   Thumb Code   168  depilogue.o(.text)
    Inline ARM to Thumb Veneer to __scatterload 0x00000744   ARM Code       8  init.o(.text)
    __scatterload                            0x0000074d   Thumb Code    24  init.o(.text)
    __scatterload_rt2                        0x0000074d   Thumb Code     0  init.o(.text)
    Inline ARM to Thumb Veneer to __ARM_scalbn 0x0000076c   ARM Code       8  dscalb.o(.text)
    __ARM_scalbn                             0x00000775   Thumb Code    46  dscalb.o(.text)
    scalbn                                   0x00000775   Thumb Code     0  dscalb.o(.text)
    Inline ARM to Thumb Veneer to __aeabi_ui2d 0x000007a4   ARM Code       8  dfltui.o(.text)
    __aeabi_ui2d                             0x000007ad   Thumb Code    26  dfltui.o(.text)
    Short Thumb to ARM Veneer to __main_after_scatterload 0x000007cd   Thumb Code     8  anon$$obj.o(Veneer$$Code)
    Long ARM to Thumb Veneer to __aeabi_dsub 0x000007d4   ARM Code      12  anon$$obj.o(Veneer$$Code)
    Long ARM to Thumb Veneer to __aeabi_drsub 0x000007e0   ARM Code      12  anon$$obj.o(Veneer$$Code)
    LED_Init                                 0x000007ec   ARM Code      36  blinky_selfmade.o(i.LED_Init)
    T0_IRQHandler                            0x00000818   ARM Code     292  blinky_selfmade.o(i.T0_IRQHandler)
    Timer_Init                               0x00000964   ARM Code      60  blinky_selfmade.o(i.Timer_Init)
    __ARM_clz                                0x000009ad   Thumb Code    46  depilogue.o(i.__ARM_clz)
    __ARM_common_call_via_r3                 0x000009db   Thumb Code     2  init.o(i.__ARM_common_call_via_r3)
    __ARM_fpclassify                         0x000009dc   ARM Code      48  fpclassify.o(i.__ARM_fpclassify)
    __ieee754_rem_pio2                       0x00000a0c   ARM Code    1236  rred.o(i.__ieee754_rem_pio2)
    __kernel_cos                             0x00000f20   ARM Code     404  cos_i.o(i.__kernel_cos)
    __kernel_poly                            0x000010bc   ARM Code     256  poly.o(i.__kernel_poly)
    __kernel_sin                             0x000011bc   ARM Code     368  sin_i.o(i.__kernel_sin)
    __mathlib_dbl_infnan                     0x00001338   ARM Code       8  dunder.o(i.__mathlib_dbl_infnan)
    __mathlib_dbl_invalid                    0x00001340   ARM Code      20  dunder.o(i.__mathlib_dbl_invalid)
    __mathlib_dbl_underflow                  0x00001354   ARM Code      20  dunder.o(i.__mathlib_dbl_underflow)
    __scatterload_copy                       0x00001368   ARM Code      28  handlers.o(i.__scatterload_copy)
    __scatterload_null                       0x00001384   ARM Code       4  handlers.o(i.__scatterload_null)
    __scatterload_zeroinit                   0x00001388   ARM Code      24  handlers.o(i.__scatterload_zeroinit)
    Inline ARM to Thumb Veneer to __set_errno 0x000013a0   ARM Code       8  errno.o(i.__set_errno)
    __set_errno                              0x000013a9   Thumb Code     6  errno.o(i.__set_errno)
    main                                     0x000013b4   ARM Code     184  blinky_selfmade.o(i.main)
    sin                                      0x00001474   ARM Code     244  sin.o(i.sin)
    Region$$Table$$Base                      0x00001690   Number         0  anon$$obj.o(Region$$Table)
    Region$$Table$$Limit                     0x000016b0   Number         0  anon$$obj.o(Region$$Table)
    toggle                                   0x40000000   Data           1  blinky_selfmade.o(.data)
    TOGGLE_STEP                              0x40000004   Data           4  blinky_selfmade.o(.data)
    sinewave                                 0x40000008   Data           8  blinky_selfmade.o(.data)
    x                                        0x40000010   Data           4  blinky_selfmade.o(.data)
    __initial_sp                             0x40000418   Data         264  lpc2300.o(STACK)



==============================================================================

Memory Map of the image

  Image Entry point : 0x0000022c

  Load Region LR_IROM1 (Base: 0x00000000, Size: 0x000016c8, Max: 0x00080000, ABSOLUTE)

    Execution Region ER_IROM1 (Exec base: 0x00000000, Load base: 0x00000000, Size: 0x000016b0, Max: 0x00080000, ABSOLUTE)

    Exec Addr    Load Addr    Size         Type   Attr      Idx    E Section Name        Object

    0x00000000   0x00000000   0x0000022c   Code   RO            3    RESET               lpc2300.o
    0x0000022c   0x0000022c   0x00000000   Code   RO          135  * .ARM.Collect$$$$00000000  mc_t.l(entry.o)
    0x0000022c   0x0000022c   0x00000004   Code   RO          176    .ARM.Collect$$$$00000001  mc_t.l(entry2.o)
    0x00000230   0x00000230   0x00000004   Code   RO          178    .ARM.Collect$$$$00000004  mc_t.l(entry5.o)
    0x00000234   0x00000234   0x00000000   Code   RO          180    .ARM.Collect$$$$00000008  mc_t.l(entry7b.o)
    0x00000234   0x00000234   0x00000000   Code   RO          182    .ARM.Collect$$$$0000000A  mc_t.l(entry8b.o)
    0x00000234   0x00000234   0x0000000c   Code   RO          183    .ARM.Collect$$$$0000000B  mc_t.l(entry9a.o)
    0x00000240   0x00000240   0x00000000   Code   RO          185    .ARM.Collect$$$$0000000D  mc_t.l(entry10a.o)
    0x00000240   0x00000240   0x00000000   Code   RO          187    .ARM.Collect$$$$0000000F  mc_t.l(entry11a.o)
    0x00000240   0x00000240   0x00000004   Code   RO          177    .ARM.Collect$$$$00002712  mc_t.l(entry2.o)
    0x00000244   0x00000244   0x00000008   Ven    RO          138    .text               mf_t.l(dadd.o)
    0x0000024c   0x0000024c   0x00000168   Code   RO          138    .text               mf_t.l(dadd.o)
    0x000003b4   0x000003b4   0x00000008   Ven    RO          140    .text               mf_t.l(dmul.o)
    0x000003bc   0x000003bc   0x000000d4   Code   RO          140    .text               mf_t.l(dmul.o)
    0x00000490   0x00000490   0x00000008   Ven    RO          142    .text               mf_t.l(ddiv.o)
    0x00000498   0x00000498   0x000000f4   Code   RO          142    .text               mf_t.l(ddiv.o)
    0x0000058c   0x0000058c   0x00000008   Ven    RO          144    .text               mf_t.l(dflti.o)
    0x00000594   0x00000594   0x00000028   Code   RO          144    .text               mf_t.l(dflti.o)
    0x000005bc   0x000005bc   0x00000008   Ven    RO          146    .text               mf_t.l(dfixi.o)
    0x000005c4   0x000005c4   0x0000004c   Code   RO          146    .text               mf_t.l(dfixi.o)
    0x00000610   0x00000610   0x00000022   Code   RO          189    .text               mc_t.l(llshl.o)
    0x00000632   0x00000632   0x00000024   Code   RO          191    .text               mc_t.l(llushr.o)
    0x00000656   0x00000656   0x00000028   Code   RO          193    .text               mc_t.l(llsshr.o)
    0x0000067e   0x0000067e   0x00000002   PAD
    0x00000680   0x00000680   0x00000000   Code   RO          202    .text               mc_t.l(iusefp.o)
    0x00000680   0x00000680   0x000000c4   Code   RO          203    .text               mf_t.l(depilogue.o)
    0x00000744   0x00000744   0x00000008   Ven    RO          211    .text               mc_t.l(init.o)
    0x0000074c   0x0000074c   0x00000020   Code   RO          211    .text               mc_t.l(init.o)
    0x0000076c   0x0000076c   0x00000008   Ven    RO          215    .text               mf_t.l(dscalb.o)
    0x00000774   0x00000774   0x0000002e   Code   RO          215    .text               mf_t.l(dscalb.o)
    0x000007a2   0x000007a2   0x00000002   PAD
    0x000007a4   0x000007a4   0x00000008   Ven    RO          217    .text               mf_t.l(dfltui.o)
    0x000007ac   0x000007ac   0x00000020   Code   RO          217    .text               mf_t.l(dfltui.o)
    0x000007cc   0x000007cc   0x00000008   Ven    RO          236    Veneer$$Code        anon$$obj.o
    0x000007d4   0x000007d4   0x0000000c   Ven    RO          237    Veneer$$Code        anon$$obj.o
    0x000007e0   0x000007e0   0x0000000c   Ven    RO          238    Veneer$$Code        anon$$obj.o
    0x000007ec   0x000007ec   0x0000002c   Code   RO            8    i.LED_Init          blinky_selfmade.o
    0x00000818   0x00000818   0x0000014c   Code   RO            9    i.T0_IRQHandler     blinky_selfmade.o
    0x00000964   0x00000964   0x00000048   Code   RO           10    i.Timer_Init        blinky_selfmade.o
    0x000009ac   0x000009ac   0x0000002e   Code   RO          205    i.__ARM_clz         mf_t.l(depilogue.o)
    0x000009da   0x000009da   0x00000002   Code   RO          213    i.__ARM_common_call_via_r3  mc_t.l(init.o)
    0x000009dc   0x000009dc   0x00000030   Code   RO          207    i.__ARM_fpclassify  m_ts.l(fpclassify.o)
    0x00000a0c   0x00000a0c   0x00000514   Code   RO          165    i.__ieee754_rem_pio2  m_ts.l(rred.o)
    0x00000f20   0x00000f20   0x0000019c   Code   RO          148    i.__kernel_cos      m_ts.l(cos_i.o)
    0x000010bc   0x000010bc   0x00000100   Code   RO          209    i.__kernel_poly     m_ts.l(poly.o)
    0x000011bc   0x000011bc   0x0000017c   Code   RO          170    i.__kernel_sin      m_ts.l(sin_i.o)
    0x00001338   0x00001338   0x00000008   Code   RO          152    i.__mathlib_dbl_infnan  m_ts.l(dunder.o)
    0x00001340   0x00001340   0x00000014   Code   RO          154    i.__mathlib_dbl_invalid  m_ts.l(dunder.o)
    0x00001354   0x00001354   0x00000014   Code   RO          157    i.__mathlib_dbl_underflow  m_ts.l(dunder.o)
    0x00001368   0x00001368   0x0000001c   Code   RO          221    i.__scatterload_copy  mc_t.l(handlers.o)
    0x00001384   0x00001384   0x00000004   Code   RO          222    i.__scatterload_null  mc_t.l(handlers.o)
    0x00001388   0x00001388   0x00000018   Code   RO          223    i.__scatterload_zeroinit  mc_t.l(handlers.o)
    0x000013a0   0x000013a0   0x00000008   Ven    RO          197    i.__set_errno       mc_t.l(errno.o)
    0x000013a8   0x000013a8   0x0000000c   Code   RO          197    i.__set_errno       mc_t.l(errno.o)
    0x000013b4   0x000013b4   0x000000c0   Code   RO           11    i.main              blinky_selfmade.o
    0x00001474   0x00001474   0x000000f8   Code   RO          128    i.sin               m_ts.l(sin.o)
    0x0000156c   0x0000156c   0x00000004   PAD
    0x00001570   0x00001570   0x00000030   Data   RO          149    .constdata          m_ts.l(cos_i.o)
    0x000015a0   0x000015a0   0x000000c8   Data   RO          167    .constdata          m_ts.l(rred.o)
    0x00001668   0x00001668   0x00000028   Data   RO          171    .constdata          m_ts.l(sin_i.o)
    0x00001690   0x00001690   0x00000020   Data   RO          219    Region$$Table       anon$$obj.o


    Execution Region RW_IRAM1 (Exec base: 0x40000000, Load base: 0x000016b0, Size: 0x00000520, Max: 0x00010000, ABSOLUTE)

    Exec Addr    Load Addr    Size         Type   Attr      Idx    E Section Name        Object

    0x40000000   0x000016b0   0x00000014   Data   RW           12    .data               blinky_selfmade.o
    0x40000014   0x000016c4   0x00000004   Data   RW          198    .data               mc_t.l(errno.o)
    0x40000018        -       0x00000508   Zero   RW            1    STACK               lpc2300.o


==============================================================================

Image component sizes


      Code (inc. data)   RO Data    RW Data    ZI Data      Debug   Object Name

       640         68          0         20          0       3839   blinky_selfmade.o
       556         80          0          0       1288        452   lpc2300.o

    ----------------------------------------------------------------------
      1228        156         32         20       1288       4291   Object Totals
        32          8         32          0          0          0   (incl. Generated)
         0          0          0          0          0          0   (incl. Padding)

    ----------------------------------------------------------------------

      Code (inc. data)   RO Data    RW Data    ZI Data      Debug   Library Member Name

       412          8         48          0          0        152   cos_i.o
        48          0          0          0          0        204   dunder.o
        48          0          0          0          0         68   fpclassify.o
       256          0          0          0          0        116   poly.o
      1300         64        200          0          0        120   rred.o
       248          4          0          0          0        128   sin.o
       380         12         40          0          0        156   sin_i.o
         0          0          0          0          0          0   entry.o
         0          0          0          0          0          0   entry10a.o
         0          0          0          0          0          0   entry11a.o
         8          4          0          0          0          0   entry2.o
         4          0          0          0          0          0   entry5.o
         0          0          0          0          0          0   entry7b.o
         0          0          0          0          0          0   entry8b.o
        12          4          0          0          0          0   entry9a.o
        20          6          0          4          0         60   errno.o
        56          0          0          0          0          0   handlers.o
        42          8          0          0          0        136   init.o
         0          0          0          0          0          0   iusefp.o
        34          0          0          0          0         72   llshl.o
        40          0          0          0          0         72   llsshr.o
        36          0          0          0          0         72   llushr.o
       368          4          0          0          0        152   dadd.o
       252          6          0          0          0         96   ddiv.o
       242          0          0          0          0        232   depilogue.o
        84         10          0          0          0         88   dfixi.o
        48          4          0          0          0         76   dflti.o
        40          6          0          0          0         76   dfltui.o
       220          6          0          0          0        100   dmul.o
        54          0          0          0          0         80   dscalb.o

    ----------------------------------------------------------------------
      4260        150        288          4          0       2256   Library Totals
         8          4          0          0          0          0   (incl. Padding)

    ----------------------------------------------------------------------

      Code (inc. data)   RO Data    RW Data    ZI Data      Debug   Library Name

      2692         88        288          0          0        944   m_ts.l
       252         22          0          4          0        412   mc_t.l
      1308         36          0          0          0        900   mf_t.l

    ----------------------------------------------------------------------
      4260        150        288          4          0       2256   Library Totals

    ----------------------------------------------------------------------

==============================================================================


      Code (inc. data)   RO Data    RW Data    ZI Data      Debug   

      5488        306        320         24       1288       5695   Grand Totals
      5488        306        320         24       1288       5695   ELF Image Totals
      5488        306        320         24          0          0   ROM Totals

==============================================================================

    Total RO  Size (Code + RO Data)                 5808 (   5.67kB)
    Total RW  Size (RW Data + ZI Data)              1312 (   1.28kB)
    Total ROM Size (Code + RO Data + RW Data)       5832 (   5.70kB)

==============================================================================

