Component: ARM Compiler 5.06 update 6 (build 750) Tool: armlink [4d35ed]

==============================================================================

Section Cross References

    lpc2300.o(RESET) refers to lpc2300.o(STACK) for Stack_Top
    lpc2300.o(RESET) refers to entry.o(.ARM.Collect$$$$00000000) for __main
    blinky_selfmade.o(i.T0_IRQHandler) refers to blinky_selfmade.o(.data) for toggle
    blinky_selfmade.o(i.Timer_Init) refers to blinky_selfmade.o(i.T0_IRQHandler) for T0_IRQHandler
    blinky_selfmade.o(i.main) refers to blinky_selfmade.o(i.LED_Init) for LED_Init
    blinky_selfmade.o(i.main) refers to blinky_selfmade.o(i.Timer_Init) for Timer_Init
    lcd_4bit.o(i.lcd_clear) refers to lcd_4bit.o(i.lcd_write_cmd) for lcd_write_cmd
    lcd_4bit.o(i.lcd_clear) refers to lcd_4bit.o(i.set_cursor) for set_cursor
    lcd_4bit.o(i.lcd_init) refers to lcd_4bit.o(i.delay) for delay
    lcd_4bit.o(i.lcd_init) refers to lcd_4bit.o(i.lcd_write_4bit) for lcd_write_4bit
    lcd_4bit.o(i.lcd_init) refers to lcd_4bit.o(i.lcd_write_cmd) for lcd_write_cmd
    lcd_4bit.o(i.lcd_init) refers to lcd_4bit.o(i.lcd_putchar) for lcd_putchar
    lcd_4bit.o(i.lcd_init) refers to lcd_4bit.o(.constdata) for UserFont
    lcd_4bit.o(i.lcd_print) refers to lcd_4bit.o(i.lcd_putchar) for lcd_putchar
    lcd_4bit.o(i.lcd_putchar) refers to lcd_4bit.o(i.lcd_write_data) for lcd_write_data
    lcd_4bit.o(i.lcd_read_status) refers to lcd_4bit.o(i.delay) for delay
    lcd_4bit.o(i.lcd_write_4bit) refers to lcd_4bit.o(i.delay) for delay
    lcd_4bit.o(i.lcd_write_cmd) refers to lcd_4bit.o(i.wait_while_busy) for wait_while_busy
    lcd_4bit.o(i.lcd_write_cmd) refers to lcd_4bit.o(i.lcd_write_4bit) for lcd_write_4bit
    lcd_4bit.o(i.lcd_write_data) refers to lcd_4bit.o(i.wait_while_busy) for wait_while_busy
    lcd_4bit.o(i.lcd_write_data) refers to lcd_4bit.o(i.lcd_write_4bit) for lcd_write_4bit
    lcd_4bit.o(i.set_cursor) refers to lcd_4bit.o(i.lcd_write_cmd) for lcd_write_cmd
    lcd_4bit.o(i.wait_while_busy) refers to lcd_4bit.o(i.lcd_read_status) for lcd_read_status
    entry.o(.ARM.Collect$$$$00000000) refers (Special) to entry10a.o(.ARM.Collect$$$$0000000D) for __rt_final_cpp
    entry.o(.ARM.Collect$$$$00000000) refers (Special) to entry11a.o(.ARM.Collect$$$$0000000F) for __rt_final_exit
    entry.o(.ARM.Collect$$$$00000000) refers (Special) to entry7b.o(.ARM.Collect$$$$00000008) for _main_clock
    entry.o(.ARM.Collect$$$$00000000) refers (Special) to entry8b.o(.ARM.Collect$$$$0000000A) for _main_cpp_init
    entry.o(.ARM.Collect$$$$00000000) refers (Special) to entry9a.o(.ARM.Collect$$$$0000000B) for _main_init
    entry.o(.ARM.Collect$$$$00000000) refers (Special) to entry5.o(.ARM.Collect$$$$00000004) for _main_scatterload
    entry.o(.ARM.Collect$$$$00000000) refers (Special) to entry2.o(.ARM.Collect$$$$00000001) for _main_stk
    entry2.o(.ARM.Collect$$$$00000001) refers to entry2.o(.ARM.Collect$$$$00002712) for __lit__00000000
    entry2.o(.ARM.Collect$$$$00002712) refers to lpc2300.o(STACK) for __initial_sp
    entry5.o(.ARM.Collect$$$$00000004) refers to init.o(.text) for __scatterload
    entry9a.o(.ARM.Collect$$$$0000000B) refers to blinky_selfmade.o(i.main) for main
    entry9b.o(.ARM.Collect$$$$0000000C) refers to blinky_selfmade.o(i.main) for main
    init.o(.text) refers to init.o(i.__ARM_common_call_via_r3) for __ARM_common_call_via_r3
    init.o(.text) refers to entry5.o(.ARM.Collect$$$$00000004) for __main_after_scatterload


==============================================================================

Removing Unused input sections from the image.

    Removing lpc2300.o(HEAP), (0 bytes).
    Removing lcd_4bit.o(i.delay), (24 bytes).
    Removing lcd_4bit.o(i.lcd_clear), (32 bytes).
    Removing lcd_4bit.o(i.lcd_init), (192 bytes).
    Removing lcd_4bit.o(i.lcd_print), (40 bytes).
    Removing lcd_4bit.o(i.lcd_putchar), (24 bytes).
    Removing lcd_4bit.o(i.lcd_read_status), (192 bytes).
    Removing lcd_4bit.o(i.lcd_write_4bit), (88 bytes).
    Removing lcd_4bit.o(i.lcd_write_cmd), (52 bytes).
    Removing lcd_4bit.o(i.lcd_write_data), (52 bytes).
    Removing lcd_4bit.o(i.set_cursor), (52 bytes).
    Removing lcd_4bit.o(i.wait_while_busy), (32 bytes).
    Removing lcd_4bit.o(.constdata), (64 bytes).

13 unused section(s) (total 844 bytes) removed from the image.

==============================================================================

Adding Veneers to the image

    Adding AT veneer (8 bytes, Inline) for call to '__scatterload' from entry5.o(.ARM.Collect$$$$00000004).
    Adding TA veneer (8 bytes, Short) for call to '__main_after_scatterload' from init.o(.text).

2 Veneer(s) (total 16 bytes) added to the image.

==============================================================================

Image Symbol Table

    Local Symbols

    Symbol Name                              Value     Ov Type        Size  Object(Section)

    RESET                                    0x00000000   Section      556  lpc2300.o(RESET)
    ../clib/microlib/init/entry.s            0x00000000   Number         0  entry2.o ABSOLUTE
    ../clib/microlib/init/entry.s            0x00000000   Number         0  entry8a.o ABSOLUTE
    ../clib/microlib/init/entry.s            0x00000000   Number         0  entry7b.o ABSOLUTE
    ../clib/microlib/init/entry.s            0x00000000   Number         0  entry8b.o ABSOLUTE
    ../clib/microlib/init/entry.s            0x00000000   Number         0  entry7a.o ABSOLUTE
    ../clib/microlib/init/entry.s            0x00000000   Number         0  entry11b.o ABSOLUTE
    ../clib/microlib/init/entry.s            0x00000000   Number         0  entry11a.o ABSOLUTE
    ../clib/microlib/init/entry.s            0x00000000   Number         0  entry10b.o ABSOLUTE
    ../clib/microlib/init/entry.s            0x00000000   Number         0  entry10a.o ABSOLUTE
    ../clib/microlib/init/entry.s            0x00000000   Number         0  entry9b.o ABSOLUTE
    ../clib/microlib/init/entry.s            0x00000000   Number         0  entry9a.o ABSOLUTE
    ../clib/microlib/init/entry.s            0x00000000   Number         0  entry.o ABSOLUTE
    ../clib/microlib/init/entry.s            0x00000000   Number         0  entry5.o ABSOLUTE
    LCD_4bit.c                               0x00000000   Number         0  lcd_4bit.o ABSOLUTE
    LPC2300.s                                0x00000000   Number         0  lpc2300.o ABSOLUTE
    blinky_selfmade.c                        0x00000000   Number         0  blinky_selfmade.o ABSOLUTE
    dc.s                                     0x00000000   Number         0  dc.o ABSOLUTE
    handlers.s                               0x00000000   Number         0  handlers.o ABSOLUTE
    init.s                                   0x00000000   Number         0  init.o ABSOLUTE
    Undef_Handler                            0x00000040   ARM Code       4  lpc2300.o(RESET)
    SWI_Handler                              0x00000044   ARM Code       4  lpc2300.o(RESET)
    PAbt_Handler                             0x00000048   ARM Code       4  lpc2300.o(RESET)
    DAbt_Handler                             0x0000004c   ARM Code       4  lpc2300.o(RESET)
    IRQ_Handler                              0x00000050   ARM Code       4  lpc2300.o(RESET)
    FIQ_Handler                              0x00000054   ARM Code       4  lpc2300.o(RESET)
    .ARM.Collect$$$$00000000                 0x0000022c   Section        0  entry.o(.ARM.Collect$$$$00000000)
    .ARM.Collect$$$$00000001                 0x0000022c   Section        4  entry2.o(.ARM.Collect$$$$00000001)
    .ARM.Collect$$$$00000004                 0x00000230   Section        4  entry5.o(.ARM.Collect$$$$00000004)
    .ARM.Collect$$$$00000008                 0x00000234   Section        0  entry7b.o(.ARM.Collect$$$$00000008)
    .ARM.Collect$$$$0000000A                 0x00000234   Section        0  entry8b.o(.ARM.Collect$$$$0000000A)
    .ARM.Collect$$$$0000000B                 0x00000234   Section       12  entry9a.o(.ARM.Collect$$$$0000000B)
    .ARM.Collect$$$$0000000D                 0x00000240   Section        0  entry10a.o(.ARM.Collect$$$$0000000D)
    .ARM.Collect$$$$0000000F                 0x00000240   Section        0  entry11a.o(.ARM.Collect$$$$0000000F)
    .ARM.Collect$$$$00002712                 0x00000240   Section        4  entry2.o(.ARM.Collect$$$$00002712)
    __lit__00000000                          0x00000240   Data           4  entry2.o(.ARM.Collect$$$$00002712)
    .text                                    0x0000024c   Section       32  init.o(.text)
    i.LED_Init                               0x00000274   Section        0  blinky_selfmade.o(i.LED_Init)
    i.T0_IRQHandler                          0x000002a0   Section        0  blinky_selfmade.o(i.T0_IRQHandler)
    i.Timer_Init                             0x00000320   Section        0  blinky_selfmade.o(i.Timer_Init)
    i.__ARM_common_call_via_r3               0x00000368   Section        2  init.o(i.__ARM_common_call_via_r3)
    i.__scatterload_copy                     0x0000036c   Section       28  handlers.o(i.__scatterload_copy)
    i.__scatterload_null                     0x00000388   Section        4  handlers.o(i.__scatterload_null)
    i.__scatterload_zeroinit                 0x0000038c   Section       24  handlers.o(i.__scatterload_zeroinit)
    i.main                                   0x000003a4   Section        0  blinky_selfmade.o(i.main)
    .data                                    0x40000000   Section        8  blinky_selfmade.o(.data)
    STACK                                    0x40000008   Section     1288  lpc2300.o(STACK)
    Stack_Top                                0x40000510   Data           0  lpc2300.o(STACK)

    Global Symbols

    Symbol Name                              Value     Ov Type        Size  Object(Section)

    BuildAttributes$$THM_ISAv1$ARM_ISAv4$S$PE$A:L22$X:L11$S22$IEEE1$IW$USESV6$~STKCKD$USESV7$~SHL$OSPACE$EBA8$MICROLIB$REQ8$PRES8$EABIv2 0x00000000   Number         0  anon$$obj.o ABSOLUTE
    __ARM_use_no_argv                        0x00000000   Number         0  blinky_selfmade.o ABSOLUTE
    __cpp_initialize__aeabi_                  - Undefined Weak Reference
    __cxa_finalize                            - Undefined Weak Reference
    __decompress                              - Undefined Weak Reference
    _clock_init                               - Undefined Weak Reference
    _microlib_exit                            - Undefined Weak Reference
    Reset_Handler                            0x00000058   ARM Code       0  lpc2300.o(RESET)
    __main                                   0x0000022c   ARM Code       0  entry.o(.ARM.Collect$$$$00000000)
    _main_stk                                0x0000022c   ARM Code       0  entry2.o(.ARM.Collect$$$$00000001)
    _main_scatterload                        0x00000230   ARM Code       0  entry5.o(.ARM.Collect$$$$00000004)
    __main_after_scatterload                 0x00000234   ARM Code       0  entry5.o(.ARM.Collect$$$$00000004)
    _main_clock                              0x00000234   ARM Code       0  entry7b.o(.ARM.Collect$$$$00000008)
    _main_cpp_init                           0x00000234   ARM Code       0  entry8b.o(.ARM.Collect$$$$0000000A)
    _main_init                               0x00000234   ARM Code       0  entry9a.o(.ARM.Collect$$$$0000000B)
    __rt_final_cpp                           0x00000240   ARM Code       0  entry10a.o(.ARM.Collect$$$$0000000D)
    __rt_final_exit                          0x00000240   ARM Code       0  entry11a.o(.ARM.Collect$$$$0000000F)
    Inline ARM to Thumb Veneer to __scatterload 0x00000244   ARM Code       8  init.o(.text)
    __scatterload                            0x0000024d   Thumb Code    24  init.o(.text)
    __scatterload_rt2                        0x0000024d   Thumb Code     0  init.o(.text)
    Short Thumb to ARM Veneer to __main_after_scatterload 0x0000026d   Thumb Code     8  anon$$obj.o(Veneer$$Code)
    LED_Init                                 0x00000274   ARM Code      36  blinky_selfmade.o(i.LED_Init)
    T0_IRQHandler                            0x000002a0   ARM Code     120  blinky_selfmade.o(i.T0_IRQHandler)
    Timer_Init                               0x00000320   ARM Code      60  blinky_selfmade.o(i.Timer_Init)
    __ARM_common_call_via_r3                 0x00000369   Thumb Code     2  init.o(i.__ARM_common_call_via_r3)
    __scatterload_copy                       0x0000036c   ARM Code      28  handlers.o(i.__scatterload_copy)
    __scatterload_null                       0x00000388   ARM Code       4  handlers.o(i.__scatterload_null)
    __scatterload_zeroinit                   0x0000038c   ARM Code      24  handlers.o(i.__scatterload_zeroinit)
    main                                     0x000003a4   ARM Code     168  blinky_selfmade.o(i.main)
    Region$$Table$$Base                      0x00000458   Number         0  anon$$obj.o(Region$$Table)
    Region$$Table$$Limit                     0x00000478   Number         0  anon$$obj.o(Region$$Table)
    toggle                                   0x40000000   Data           1  blinky_selfmade.o(.data)
    TOGGLE_STEP                              0x40000004   Data           4  blinky_selfmade.o(.data)
    __initial_sp                             0x40000408   Data         264  lpc2300.o(STACK)



==============================================================================

Memory Map of the image

  Image Entry point : 0x0000022c

  Load Region LR_IROM1 (Base: 0x00000000, Size: 0x00000480, Max: 0x00080000, ABSOLUTE)

    Execution Region ER_IROM1 (Exec base: 0x00000000, Load base: 0x00000000, Size: 0x00000478, Max: 0x00080000, ABSOLUTE)

    Exec Addr    Load Addr    Size         Type   Attr      Idx    E Section Name        Object

    0x00000000   0x00000000   0x0000022c   Code   RO            3    RESET               lpc2300.o
    0x0000022c   0x0000022c   0x00000000   Code   RO          123  * .ARM.Collect$$$$00000000  mc_t.l(entry.o)
    0x0000022c   0x0000022c   0x00000004   Code   RO          126    .ARM.Collect$$$$00000001  mc_t.l(entry2.o)
    0x00000230   0x00000230   0x00000004   Code   RO          128    .ARM.Collect$$$$00000004  mc_t.l(entry5.o)
    0x00000234   0x00000234   0x00000000   Code   RO          130    .ARM.Collect$$$$00000008  mc_t.l(entry7b.o)
    0x00000234   0x00000234   0x00000000   Code   RO          132    .ARM.Collect$$$$0000000A  mc_t.l(entry8b.o)
    0x00000234   0x00000234   0x0000000c   Code   RO          133    .ARM.Collect$$$$0000000B  mc_t.l(entry9a.o)
    0x00000240   0x00000240   0x00000000   Code   RO          135    .ARM.Collect$$$$0000000D  mc_t.l(entry10a.o)
    0x00000240   0x00000240   0x00000000   Code   RO          137    .ARM.Collect$$$$0000000F  mc_t.l(entry11a.o)
    0x00000240   0x00000240   0x00000004   Code   RO          127    .ARM.Collect$$$$00002712  mc_t.l(entry2.o)
    0x00000244   0x00000244   0x00000008   Ven    RO          139    .text               mc_t.l(init.o)
    0x0000024c   0x0000024c   0x00000020   Code   RO          139    .text               mc_t.l(init.o)
    0x0000026c   0x0000026c   0x00000008   Ven    RO          152    Veneer$$Code        anon$$obj.o
    0x00000274   0x00000274   0x0000002c   Code   RO            8    i.LED_Init          blinky_selfmade.o
    0x000002a0   0x000002a0   0x00000080   Code   RO            9    i.T0_IRQHandler     blinky_selfmade.o
    0x00000320   0x00000320   0x00000048   Code   RO           10    i.Timer_Init        blinky_selfmade.o
    0x00000368   0x00000368   0x00000002   Code   RO          141    i.__ARM_common_call_via_r3  mc_t.l(init.o)
    0x0000036a   0x0000036a   0x00000002   PAD
    0x0000036c   0x0000036c   0x0000001c   Code   RO          145    i.__scatterload_copy  mc_t.l(handlers.o)
    0x00000388   0x00000388   0x00000004   Code   RO          146    i.__scatterload_null  mc_t.l(handlers.o)
    0x0000038c   0x0000038c   0x00000018   Code   RO          147    i.__scatterload_zeroinit  mc_t.l(handlers.o)
    0x000003a4   0x000003a4   0x000000b4   Code   RO           11    i.main              blinky_selfmade.o
    0x00000458   0x00000458   0x00000020   Data   RO          143    Region$$Table       anon$$obj.o


    Execution Region RW_IRAM1 (Exec base: 0x40000000, Load base: 0x00000478, Size: 0x00000510, Max: 0x00010000, ABSOLUTE)

    Exec Addr    Load Addr    Size         Type   Attr      Idx    E Section Name        Object

    0x40000000   0x00000478   0x00000008   Data   RW           12    .data               blinky_selfmade.o
    0x40000008        -       0x00000508   Zero   RW            1    STACK               lpc2300.o


==============================================================================

Image component sizes


      Code (inc. data)   RO Data    RW Data    ZI Data      Debug   Object Name

       424         40          0          8          0       3756   blinky_selfmade.o
       556         80          0          0       1288        452   lpc2300.o

    ----------------------------------------------------------------------
       988        120         32          8       1288       4208   Object Totals
         8          0         32          0          0          0   (incl. Generated)
         0          0          0          0          0          0   (incl. Padding)

    ----------------------------------------------------------------------

      Code (inc. data)   RO Data    RW Data    ZI Data      Debug   Library Member Name

         0          0          0          0          0          0   entry.o
         0          0          0          0          0          0   entry10a.o
         0          0          0          0          0          0   entry11a.o
         8          4          0          0          0          0   entry2.o
         4          0          0          0          0          0   entry5.o
         0          0          0          0          0          0   entry7b.o
         0          0          0          0          0          0   entry8b.o
        12          4          0          0          0          0   entry9a.o
        56          0          0          0          0          0   handlers.o
        42          8          0          0          0        136   init.o

    ----------------------------------------------------------------------
       124         16          0          0          0        136   Library Totals
         2          0          0          0          0          0   (incl. Padding)

    ----------------------------------------------------------------------

      Code (inc. data)   RO Data    RW Data    ZI Data      Debug   Library Name

       122         16          0          0          0        136   mc_t.l

    ----------------------------------------------------------------------
       124         16          0          0          0        136   Library Totals

    ----------------------------------------------------------------------

==============================================================================


      Code (inc. data)   RO Data    RW Data    ZI Data      Debug   

      1112        136         32          8       1288       4444   Grand Totals
      1112        136         32          8       1288       4444   ELF Image Totals
      1112        136         32          8          0          0   ROM Totals

==============================================================================

    Total RO  Size (Code + RO Data)                 1144 (   1.12kB)
    Total RW  Size (RW Data + ZI Data)              1296 (   1.27kB)
    Total ROM Size (Code + RO Data + RW Data)       1152 (   1.13kB)

==============================================================================

